2025-02-12T08:14:23.123Z [INFO] Application started successfully. Version: 3.2.1
2025-02-12T08:14:23.456Z [DEBUG] Connection pool initialized with 10 connections
2025-02-12T08:14:23.789Z [INFO] Loading configuration from /etc/app/config.yml
2025-02-12T08:14:24.123Z [DEBUG] Configuration validated successfully
2025-02-12T08:14:24.456Z [INFO] Initializing database connections
2025-02-12T08:14:24.789Z [DEBUG] Database driver loaded: PostgreSQL
2025-02-12T08:14:25.123Z [INFO] Scheduled tasks initialized
2025-02-12T08:14:25.456Z [DEBUG] Cache service started with 256MB allocation
2025-02-12T08:14:25.789Z [INFO] Web server listening on port 8080
2025-02-12T08:14:26.123Z [DEBUG] SSL certificate loaded successfully
2025-02-12T08:14:26.456Z [INFO] API gateway initialized
2025-02-12T08:14:26.789Z [DEBUG] Rate limiter configured with 100 requests per minute
2025-02-12T08:14:27.123Z [INFO] Authentication service started
2025-02-12T08:14:27.456Z [DEBUG] JWT token validation enabled
2025-02-12T08:14:27.789Z [INFO] Email service connected to SMTP server
2025-02-12T08:14:28.123Z [DEBUG] Email templates loaded from /etc/app/templates/email
2025-02-12T08:14:28.456Z [INFO] File storage service initialized
2025-02-12T08:14:28.789Z [DEBUG] Temporary file cleanup scheduled for midnight
2025-02-12T08:14:29.123Z [INFO] Background job processor started with 5 workers
2025-02-12T08:14:29.456Z [DEBUG] Job queue initialized with max capacity of 1000
2025-02-12T08:14:29.789Z [INFO] User service initialized
2025-02-12T08:14:30.123Z [DEBUG] User cache primed with 150 recent users
2025-02-12T08:14:30.456Z [INFO] PDF generation service started
2025-02-12T08:14:30.789Z [DEBUG] Using PDF library version 2.8.7
2025-02-12T08:14:31.123Z [INFO] Payment processor initialized
2025-02-12T08:14:31.456Z [DEBUG] Secure payment gateway connection established
2025-02-12T08:14:31.789Z [INFO] Analytics service started
2025-02-12T08:14:32.123Z [DEBUG] Analytics buffer size set to 1000 events
2025-02-12T08:14:32.456Z [INFO] Notification service started
2025-02-12T08:14:32.789Z [DEBUG] Push notification provider configured
2025-02-12T08:14:33.123Z [INFO] Geolocation service initialized
2025-02-12T08:14:33.456Z [DEBUG] Using GeoIP database updated on 2025-02-01
2025-02-12T08:14:33.789Z [INFO] Search indexer initialized
2025-02-12T08:14:34.123Z [DEBUG] Search index optimized for performance
2025-02-12T08:14:34.456Z [INFO] Content delivery network connected
2025-02-12T08:14:34.789Z [DEBUG] CDN cache headers configured
2025-02-12T08:14:35.123Z [INFO] System health monitor started
2025-02-12T08:14:35.456Z [DEBUG] Monitoring CPU, memory, disk, and network metrics
2025-02-12T08:14:35.789Z [INFO] API documentation available at /api/docs
2025-02-12T08:14:36.123Z [DEBUG] Swagger UI loaded for API documentation
2025-02-12T08:14:36.456Z [INFO] Localization service loaded 25 language packs
2025-02-12T08:14:36.789Z [DEBUG] Default language set to 'en-US'
2025-02-12T08:15:15.789Z [INFO] User 'jsmith' logged in from 192.168.1.45
2025-02-12T08:15:16.123Z [DEBUG] Session created for user 'jsmith' with TTL 3600s
2025-02-12T08:15:16.456Z [INFO] User preferences loaded for 'jsmith'
2025-02-12T08:15:16.789Z [DEBUG] Last login recorded for user 'jsmith'
2025-02-12T08:15:17.123Z [INFO] Dashboard rendered for user 'jsmith'
2025-02-12T08:15:18.456Z [DEBUG] Loading user notifications: found 3 unread messages
2025-02-12T08:15:45.789Z [INFO] User 'ajenkins' logged in from 10.0.2.17
2025-02-12T08:15:46.123Z [DEBUG] Session created for user 'ajenkins' with TTL 3600s
2025-02-12T08:15:46.456Z [INFO] User preferences loaded for 'ajenkins'
2025-02-12T08:15:46.789Z [DEBUG] Last login recorded for user 'ajenkins'
2025-02-12T08:15:47.123Z [INFO] Dashboard rendered for user 'ajenkins'
2025-02-12T08:15:48.456Z [DEBUG] Loading user notifications: found 7 unread messages
2025-02-12T08:16:12.789Z [INFO] Report generation requested by user 'jsmith'
2025-02-12T08:16:13.123Z [DEBUG] Report parameters validated: {period: "Q1", format: "PDF"}
2025-02-12T08:16:13.456Z [INFO] Queuing report generation job #4582
2025-02-12T08:16:13.789Z [DEBUG] Job #4582 added to priority queue
2025-02-12T08:16:14.123Z [INFO] Worker #3 processing job #4582
2025-02-12T08:16:14.456Z [DEBUG] Loading data for report #4582
2025-02-12T08:16:42.321Z [DEBUG] Processing request ID: REQ-28734, parameters: {id: 1234, action: "view"}
2025-02-12T08:16:42.987Z [ERROR] Database connection timeout after 30000ms
2025-02-12T08:16:43.123Z [INFO] Retrying database connection (attempt 1 of 3)
2025-02-12T08:16:43.456Z [DEBUG] Connection parameters: {host: "db-primary", port: 5432, timeout: 30000}
2025-02-12T08:16:45.456Z [INFO] Database connection re-established
2025-02-12T08:16:45.789Z [DEBUG] Connection pool reinitialized
2025-02-12T08:16:46.123Z [INFO] Resuming processing of request ID: REQ-28734
2025-02-12T08:16:46.456Z [DEBUG] Data loaded successfully for request ID: REQ-28734
2025-02-12T08:16:47.123Z [INFO] Response sent for request ID: REQ-28734
2025-02-12T08:17:12.789Z [DEBUG] Cache hit ratio: 78.5%
2025-02-12T08:17:13.123Z [INFO] Cache optimization triggered
2025-02-12T08:17:13.456Z [DEBUG] Evicting 250 least recently used items from cache
2025-02-12T08:17:13.789Z [INFO] Cache optimization completed
2025-02-12T08:17:14.123Z [DEBUG] New cache hit ratio: 82.3%
2025-02-12T08:17:15.456Z [INFO] User 'mwilson' logged in from 172.16.0.88
2025-02-12T08:17:15.789Z [DEBUG] Session created for user 'mwilson' with TTL 3600s
2025-02-12T08:17:16.123Z [INFO] User preferences loaded for 'mwilson'
2025-02-12T08:17:16.456Z [DEBUG] Last login recorded for user 'mwilson'
2025-02-12T08:17:17.123Z [INFO] Dashboard rendered for user 'mwilson'
2025-02-12T08:17:17.789Z [DEBUG] Loading user notifications: found 0 unread messages
2025-02-12T08:17:45.123Z [INFO] File upload started by user 'ajenkins'
2025-02-12T08:17:45.456Z [DEBUG] Upload parameters: {filename: "quarterly_data.csv", size: 2456789, contentType: "text/csv"}
2025-02-12T08:17:45.789Z [INFO] Validating file format for upload ID: UL-59872
2025-02-12T08:17:46.123Z [DEBUG] CSV header validation passed for upload ID: UL-59872
2025-02-12T08:17:46.456Z [INFO] Scanning upload for malware, ID: UL-59872
2025-02-12T08:17:47.123Z [DEBUG] Malware scan completed: clean
2025-02-12T08:17:47.456Z [INFO] Processing data from upload ID: UL-59872
2025-02-12T08:17:47.789Z [DEBUG] Parsing CSV data with 15647 rows
2025-02-12T08:17:52.123Z [INFO] Data processing complete for upload ID: UL-59872
2025-02-12T08:17:52.456Z [DEBUG] Generated import report for upload ID: UL-59872
2025-02-12T08:17:53.123Z [INFO] Notifying user 'ajenkins' of successful import
2025-02-12T08:18:17.789Z [DEBUG] Background task started: database optimization
2025-02-12T08:18:18.123Z [INFO] Running database vacuum operation
2025-02-12T08:18:25.456Z [DEBUG] Database vacuum completed: reclaimed 125MB
2025-02-12T08:18:25.789Z [INFO] Database indexes being optimized
2025-02-12T08:18:32.123Z [DEBUG] Index optimization complete: 15 indexes rebuilt
2025-02-12T08:18:32.456Z [INFO] Database optimization completed successfully
2025-02-12T08:18:56.321Z [ERROR] Invalid data format in user upload: missing required field 'email'
2025-02-12T08:18:56.654Z [INFO] User notification sent: "Please check your upload format"
2025-02-12T08:18:57.123Z [DEBUG] Validation errors: {"line": 27, "field": "email", "error": "required field missing"}
2025-02-12T08:18:57.456Z [INFO] Upload ID: UL-59873 processing aborted
2025-02-12T08:18:57.789Z [DEBUG] Cleanup temporary files for failed upload ID: UL-59873
2025-02-12T08:18:58.123Z [INFO] Logging validation failure details for user 'mwilson'
2025-02-12T08:19:15.456Z [DEBUG] API request rate: 42 requests per second
2025-02-12T08:19:15.789Z [INFO] Load balancer adding additional worker node
2025-02-12T08:19:16.123Z [DEBUG] Worker node 'worker-08' joining cluster
2025-02-12T08:19:16.456Z [INFO] Cluster now has 8 active worker nodes
2025-02-12T08:19:16.789Z [DEBUG] Redistributing connection pool across worker nodes
2025-02-12T08:19:17.123Z [INFO] Load distribution optimized across cluster
2025-02-12T08:19:45.456Z [DEBUG] Memory usage increasing: 2.1GB / 4.0GB allocated
2025-02-12T08:19:45.789Z [INFO] Scheduled garbage collection triggered
2025-02-12T08:19:46.123Z [DEBUG] Garbage collection freed 350MB of memory
2025-02-12T08:19:46.456Z [INFO] Memory usage after GC: 1.75GB / 4.0GB
2025-02-12T08:19:47.789Z [DEBUG] Memory allocation pattern analysis triggered
2025-02-12T08:20:15.123Z [INFO] User 'jsmith' requested permission change for project 'PROJ-7734'
2025-02-12T08:20:15.456Z [DEBUG] Authorization check for user 'jsmith' on resource 'PROJ-7734': GRANTED
2025-02-12T08:20:15.789Z [INFO] Permission 'EDIT' granted to user 'twalker' on 'PROJ-7734'
2025-02-12T08:20:16.123Z [DEBUG] Permission update logged to audit trail
2025-02-12T08:20:16.456Z [INFO] Notification sent to user 'twalker' about new permissions
2025-02-12T08:20:34.987Z [DEBUG] Memory usage: 1.2GB / 4.0GB allocated
2025-02-12T08:20:35.123Z [INFO] Processing batch job ID: BATCH-1589
2025-02-12T08:20:35.456Z [DEBUG] Batch job contains 1250 items for processing
2025-02-12T08:20:36.789Z [INFO] Distributing batch job across 5 worker threads
2025-02-12T08:20:37.123Z [DEBUG] Worker threads initialized for parallel processing
2025-02-12T08:20:47.456Z [INFO] Batch job ID: BATCH-1589 completed successfully
2025-02-12T08:20:47.789Z [DEBUG] Batch processing statistics: 1250 items, 0 errors, duration: i1.32s
2025-02-12T08:21:15.123Z [INFO] Scheduled database backup starting
2025-02-12T08:21:15.456Z [DEBUG] Creating consistent snapshot of database
2025-02-12T08:21:25.789Z [INFO] Database snapshot created, size: 8.7GB
2025-02-12T08:21:26.123Z [DEBUG] Compressing database snapshot with gzip level 6
2025-02-12T08:21:35.456Z [INFO] Database snapshot compressed, final size: 2.3GB
2025-02-12T08:21:35.789Z [DEBUG] Uploading backup to remote storage
2025-02-12T08:21:45.123Z [FATAL] Out of disk space on /var/log partition
2025-02-12T08:21:45.456Z [INFO] Emergency cleanup procedure initiated
2025-02-12T08:21:45.789Z [DEBUG] Available space before cleanup: 15MB
2025-02-12T08:21:46.123Z [INFO] Compressing older log files
2025-02-12T08:21:47.456Z [DEBUG] Compression saved 750MB of space
2025-02-12T08:21:47.789Z [INFO] Transferring archive logs to backup storage
2025-02-12T08:21:52.123Z [DEBUG] Transferred 25 archive log files
2025-02-12T08:21:52.456Z [INFO] Available space after cleanup: 825MB
2025-02-12T08:21:53.789Z [DEBUG] Resuming normal operation
2025-02-12T08:22:12.789Z [ERROR] Failed to write transaction log to disk
2025-02-12T08:22:13.123Z [INFO] Attempting failover to secondary log storage
2025-02-12T08:22:13.456Z [DEBUG] Secondary storage path: /mnt/backup/logs
2025-02-12T08:22:13.789Z [INFO] Redirecting transaction logs to secondary storage
2025-02-12T08:22:14.123Z [DEBUG] Permission check on secondary storage: OK
2025-02-12T08:22:14.456Z [INFO] Log redirection successful
2025-02-12T08:22:15.321Z [FATAL] System shutdown initiated due to critical resource shortage
2025-02-12T08:22:15.654Z [INFO] Saving application state before shutdown
2025-02-12T08:22:15.987Z [DEBUG] Notifying connected clients of impending shutdown
2025-02-12T08:22:16.123Z [INFO] Completing in-progress transactions
2025-02-12T08:22:16.456Z [DEBUG] 12 transactions pending completion
2025-02-12T08:22:17.789Z [INFO] All transactions completed or rolled back
2025-02-12T08:22:18.123Z [DEBUG] Closing database connections
2025-02-12T08:22:18.456Z [INFO] System state saved successfully
2025-02-12T08:22:18.789Z [DEBUG] Releasing system resources
2025-02-12T08:22:19.123Z [INFO] System shutdown completed
2025-02-12T08:35:45.456Z [INFO] System restart initiated
2025-02-12T08:35:45.789Z [DEBUG] Checking filesystem integrity
2025-02-12T08:35:46.123Z [INFO] Filesystem check passed
2025-02-12T08:35:46.456Z [DEBUG] Loading system configuration
2025-02-12T08:35:46.789Z [INFO] Configuration loaded successfully
2025-02-12T08:35:47.123Z [DEBUG] Restoring application state
2025-02-12T08:35:47.456Z [INFO] Application state restored successfully
2025-02-12T08:35:47.789Z [DEBUG] Reconnecting to database
2025-02-12T08:35:48.123Z [INFO] Database connection established
2025-02-12T08:35:48.456Z [DEBUG] Checking for data consistency
2025-02-12T08:35:48.789Z [INFO] Data consistency verified
2025-02-12T08:35:49.123Z [DEBUG] Starting application services
2025-02-12T08:35:49.456Z [INFO] Core services started
2025-02-12T08:35:49.789Z [DEBUG] Starting web server
2025-02-12T08:35:50.123Z [INFO] Web server listening on port 8080
2025-02-12T08:35:50.456Z [DEBUG] Starting job processing queue
2025-02-12T08:35:50.789Z [INFO] Job queue processor started
2025-02-12T08:35:51.123Z [DEBUG] Resuming scheduled tasks
2025-02-12T08:35:51.456Z [INFO] System restart completed successfully
2025-02-12T08:36:15.789Z [DEBUG] Checking for pending notifications
2025-02-12T08:36:16.123Z [INFO] Sending 87 pending notifications
2025-02-12T08:36:16.456Z [DEBUG] Notification batch sent successfully
2025-02-12T08:36:45.789Z [INFO] User 'bthomas' logged in from 192.168.5.22
2025-02-12T08:36:46.123Z [DEBUG] Session created for user 'bthomas' with TTL 3600s
2025-02-12T08:36:46.456Z [INFO] User preferences loaded for 'bthomas'
2025-02-12T08:37:15.789Z [ERROR] Failed to load user profile image for user 'bthomas'
2025-02-12T08:37:16.123Z [INFO] Using default profile image for user 'bthomas'
2025-02-12T08:37:16.456Z [DEBUG] Image error: File not found at path /var/data/profile/bthomas.jpg
2025-02-12T08:37:16.789Z [INFO] Notifying user 'bthomas' of missing profile image
2025-02-12T08:37:45.123Z [DEBUG] API request rate: 57 requests per second
2025-02-12T08:37:45.456Z [INFO] Load balancer adding additional worker node
2025-02-12T08:37:45.789Z [DEBUG] Worker node 'worker-09' joining cluster
2025-02-12T08:37:46.123Z [INFO] Cluster now has 9 active worker nodes
2025-02-12T08:38:15.456Z [DEBUG] Memory usage: 2.4GB / 4.0GB allocated
2025-02-12T08:38:15.789Z [INFO] Memory usage approaching warning threshold
2025-02-12T08:38:16.123Z [DEBUG] Memory profile analysis initiated
2025-02-12T08:38:25.456Z [INFO] Identified memory leak in module 'DataProcessor'
2025-02-12T08:38:25.789Z [DEBUG] Leak details: Unclosed file handles in batch processing
2025-02-12T08:38:26.123Z [INFO] Applying hotfix for memory leak
2025-02-12T08:38:26.456Z [DEBUG] Hotfix applied: enforced file handle cleanup
2025-02-12T08:38:27.789Z [INFO] Memory usage stabilized
2025-02-12T08:38:45.123Z [DEBUG] Database query optimization triggered
2025-02-12T08:38:45.456Z [INFO] Analyzing slow query patterns
2025-02-12T08:38:45.789Z [DEBUG] Identified 3 query patterns for optimization
2025-02-12T08:38:46.123Z [INFO] Applying query optimizations
2025-02-12T08:38:46.456Z [DEBUG] Updated query execution plans
2025-02-12T08:38:47.789Z [INFO] Query optimization completed successfully
2025-02-12T08:39:15.123Z [ERROR] API rate limit exceeded for client IP: 203.0.113.42
2025-02-12T08:39:15.456Z [INFO] Rate limiting applied to client IP: 203.0.113.42
2025-02-12T08:39:15.789Z [DEBUG] Current limit: 100 req/min, Client usage: 142 req/min
2025-02-12T08:39:16.123Z [INFO] Client notification sent: rate limit exceeded
2025-02-12T08:39:16.456Z [DEBUG] Rate limit will reset in 45 seconds
2025-02-12T08:39:45.789Z [INFO] Processing payment transaction ID: TRX-88721
2025-02-12T08:39:46.123Z [DEBUG] Payment validation: passed
2025-02-12T08:39:46.456Z [INFO] Contacting payment gateway
2025-02-12T08:39:47.789Z [DEBUG] Payment gateway response: APPROVED
2025-02-12T08:39:48.123Z [INFO] Payment transaction TRX-88721 completed successfully
2025-02-12T08:39:48.456Z [DEBUG] Transaction receipt generated
2025-02-12T08:39:48.789Z [INFO] Sending payment confirmation to user
2025-02-12T08:40:15.123Z [DEBUG] Background job queue length: 27
2025-02-12T08:40:15.456Z [INFO] Processing high priority background jobs
2025-02-12T08:40:45.789Z [ERROR] Failed to send email notification: SMTP connection refused
2025-02-12T08:40:46.123Z [INFO] Retrying email delivery with backup SMTP server
2025-02-12T08:40:46.456Z [DEBUG] Backup SMTP server: smtp-backup.example.com:587
2025-02-12T08:40:47.789Z [INFO] Email delivery successful via backup server
2025-02-12T08:41:15.123Z [DEBUG] File cleanup task started
2025-02-12T08:41:15.456Z [INFO] Removing temporary files older than 7 days
2025-02-12T08:41:16.789Z [DEBUG] Deleted 1247 temporary files, recovered 5.7GB
2025-02-12T08:41:17.123Z [INFO] File cleanup task completed
2025-02-12T08:41:45.456Z [DEBUG] Checking SSL certificate expiration
2025-02-12T08:41:45.789Z [INFO] SSL certificate expires in 45 days
2025-02-12T08:41:46.123Z [DEBUG] Certificate renewal scheduled for 15 days before expiration
2025-02-12T08:42:15.456Z [INFO] User 'ajenkins' logged out
2025-02-12T08:42:15.789Z [DEBUG] Session terminated for user 'ajenkins'
2025-02-12T08:42:16.123Z [INFO] Session cleanup performed
2025-02-12T08:42:45.456Z [DEBUG] API endpoint performance analysis started
2025-02-12T08:42:45.789Z [INFO] Analyzing response times for all API endpoints
2025-02-12T08:42:46.123Z [DEBUG] Slowest endpoint: /api/reports/generate (avg: 1250ms)
2025-02-12T08:42:46.456Z [INFO] Performance optimization recommendations generated
2025-02-12T08:43:15.789Z [ERROR] Database query timeout: SELECT * FROM transactions WHERE date > '2025-01-01' ORDER BY amount DESC
2025-02-12T08:43:16.123Z [INFO] Query execution plan being analyzed
2025-02-12T08:43:16.456Z [DEBUG] Missing index identified on 'transactions.date'
2025-02-12T08:43:16.789Z [INFO] Creating index on 'transactions.date'
2025-02-12T08:43:25.123Z [DEBUG] Index creation completed successfully
2025-02-12T08:43:25.456Z [INFO] Retrying query with new index
2025-02-12T08:43:26.789Z [DEBUG] Query execution time improved: 2500ms -> 120ms
2025-02-12T08:43:45.123Z [INFO] Scheduled data export started
2025-02-12T08:43:45.456Z [DEBUG] Preparing data for export ID: EXP-45721
2025-02-12T08:43:46.789Z [INFO] Data export format: CSV
2025-02-12T08:43:47.123Z [DEBUG] Applying data transformations for export
2025-02-12T08:43:55.456Z [INFO] Data export completed: 25MB generated
2025-02-12T08:43:55.789Z [DEBUG] Export saved to destination path
2025-02-12T08:44:15.123Z [FATAL] Unrecoverable error in storage subsystem
2025-02-12T08:44:15.456Z [INFO] Initiating emergency data protection procedures
2025-02-12T08:44:15.789Z [DEBUG] Storage subsystem error code: DISK_ARRAY_FAILURE
2025-02-12T08:44:16.123Z [INFO] Switching to read-only mode to protect data integrity
2025-02-12T08:44:16.456Z [DEBUG] Notifying system administrators via multiple channels
2025-02-12T08:44:16.789Z [INFO] All write operations suspended
2025-02-12T08:44:17.123Z [DEBUG] Diagnostics data being collected for storage failure
2025-02-12T08:44:17.456Z [INFO] Users being notified of temporary system limitations
2025-02-12T08:44:45.789Z [DEBUG] System monitoring detected high CPU usage: 92%
2025-02-12T08:44:46.123Z [INFO] Investigating CPU usage spike
2025-02-12T08:44:46.456Z [DEBUG] Process ID 4582 consuming 85% CPU
2025-02-12T08:44:46.789Z [INFO] Process identified: runaway query execution
2025-02-12T08:44:47.123Z [DEBUG] Query ID: QRY-88975 terminated
2025-02-12T08:44:47.456Z [INFO] CPU usage returned to normal levels
2025-02-12T08:45:15.789Z [ERROR] Failed login attempt for user 'admin' from IP 203.0.113.99
2025-02-12T08:45:16.123Z [INFO] Login failure count for IP 203.0.113.99: 5
2025-02-12T08:45:16.456Z [DEBUG] IP address 203.0.113.99 added to watchlist
2025-02-12T08:45:16.789Z [INFO] Temporary IP ban applied for 10 minutes
2025-02-12T08:45:17.123Z [DEBUG] Security alert generated: possible brute force attempt
2025-02-12T08:45:45.456Z [INFO] Authentication service configuration updated
2025-02-12T08:45:45.789Z [DEBUG] New password policy applied: min length 12, require special chars
2025-02-12T08:45:46.123Z [INFO] Users will be prompted for password updates at next login
2025-02-12T08:46:15.456Z [DEBUG] Cache invalidation triggered for product catalog
2025-02-12T08:46:15.789Z [INFO] Rebuilding product catalog cache
2025-02-12T08:46:16.123Z [DEBUG] Loading 15,782 products into cache
2025-02-12T08:46:25.456Z [INFO] Product catalog cache rebuilt successfully
2025-02-12T08:46:45.789Z [ERROR] External API integration failed: payment gateway timeout
2025-02-12T08:46:46.123Z [INFO] Switching to backup payment processor
2025-02-12T08:46:46.456Z [DEBUG] Backup payment gateway connection established
2025-02-12T08:46:46.789Z [INFO] Payment processing resumed with backup provider
2025-02-12T08:47:15.123Z [DEBUG] Websocket connections: 1,247 active clients
2025-02-12T08:47:15.456Z [INFO] Broadcasting system notification to all connected clients
2025-02-12T08:47:15.789Z [DEBUG] Notification delivered to 1,247 clients successfully
2025-02-12T08:47:45.123Z [INFO] User 'clewis' logged in from 10.0.3.78
2025-02-12T08:47:45.456Z [DEBUG] Session created for user 'clewis' with TTL 3600s
2025-02-12T08:47:45.789Z [INFO] User preferences loaded for 'clewis'
2025-02-12T08:48:15.123Z [DEBUG] Realtime analytics: 287 active users, 42 new sessions
2025-02-12T08:48:15.456Z [INFO] Peak traffic time detected, optimizing resource allocation
2025-02-12T08:48:15.789Z [DEBUG] Increased connection pool size to handle load
2025-02-12T08:48:45.123Z [INFO] Scheduled maintenance notification prepared
2025-02-12T08:48:45.456Z [DEBUG] Maintenance window: 2025-02-15 02:00-04:00